// Jest Snapshot v1, https://goo.gl/fbAQLP

exports[`SelectList snapshot matches 1`] = `
<select
  class="selectList test classes"
  data-testid="SelectList"
>
  <option
    value="something"
  >
    something
  </option>
  <option
    value="somethingElse"
  >
    something else
  </option>
  <option
    value="somethingMore"
  >
    something more
  </option>
</select>
`;
