// Vitest Snapshot v1, https://vitest.dev/guide/snapshot.html

exports[`The Me page > when no user context is provided > should match snapshot 1`] = `
<div>
  <h2
    class="page-heading"
  >
    Welcome to your list.
  </h2>
  <section
    class="table-container ag-theme-quartz responsive-grid-container responsive-grid-columns responsive-grid-sidebar"
  >
    <form
      class="form"
    >
      <fieldset
        class="fieldset"
      >
        <legend
          class="legend"
        >
          Add item to my list
        </legend>
        <label
          class="label"
        >
          Name
        </label>
        <div
          class="input-container"
        >
          <input
            name="name"
            required=""
            type="text"
            value=""
          />
        </div>
        <label>
          Link
        </label>
        <div
          class="input-container"
        >
          <input
            name="link"
            type="url"
            value=""
          />
        </div>
        <label>
          Description
        </label>
        <div
          class="input-container"
        >
          <textarea
            name="description"
          />
        </div>
        <button
          class="button button--undefined"
          type="submit"
        >
          <span
            class="icon"
          >
            <svg
              fill="none"
              height="20"
              viewBox="0 0 24 24"
              width="20"
              xmlns="http://www.w3.org/2000/svg"
            >
              <path
                d="M17.983 11.0265L12.983 11.0195L12.99 6.01953C12.99 5.75431 12.8846 5.49996 12.6971 5.31242C12.5095 5.12489 12.2552 5.01953 11.99 5.01953C11.7248 5.01953 11.4704 5.12489 11.2829 5.31242C11.0953 5.49996 10.99 5.75431 10.99 6.01953L10.983 11.0195L5.98297 11.0115C5.71775 11.0115 5.4634 11.1169 5.27586 11.3044C5.08833 11.492 4.98297 11.7463 4.98297 12.0115C4.98297 12.2767 5.08833 12.5311 5.27586 12.7186C5.4634 12.9062 5.71775 13.0115 5.98297 13.0115L10.983 13.0195L10.975 18.0195C10.975 18.2847 11.0803 18.5391 11.2679 18.7266C11.4554 18.9142 11.7098 19.0195 11.975 19.0195C12.2402 19.0195 12.4945 18.9142 12.6821 18.7266C12.8696 18.5391 12.975 18.2847 12.975 18.0195L12.983 13.0195L17.983 13.0265C18.2482 13.0265 18.5025 12.9212 18.6901 12.7336C18.8776 12.5461 18.983 12.2917 18.983 12.0265C18.983 11.7613 18.8776 11.507 18.6901 11.3194C18.5025 11.1319 18.2482 11.0265 17.983 11.0265Z"
                fill="#FFF"
              />
            </svg>
          </span>
          <span>
            Add
          </span>
        </button>
      </fieldset>
    </form>
    <h3>
      There are no items in this your list. Please add some.
    </h3>
  </section>
</div>
`;
