// Jest Snapshot v1, https://goo.gl/fbAQLP

exports[`Nav snapshot matches 1`] = `
<nav
  class="test classes"
  data-testid="Nav"
>
  <ul
    class="nav-list"
  >
    <li
      class="nav-item"
    >
      <a
        href="/mylist"
      >
        My list
      </a>
    </li>
    <li
      class="nav-item"
    >
      <a
        href="/theirlist"
      >
        Their list
      </a>
      <div
        class="nav-menu-container nav-menu-container--hidden"
      >
        <menu
          data-testid="Menu"
        />
      </div>
    </li>
  </ul>
</nav>
`;
